// Jest Snapshot v1, https://goo.gl/fbAQLP

exports[`Renders Interactive story 1`] = `
<body>
  <div />
</body>
`;
