// Jest Snapshot v1, https://goo.gl/fbAQLP

exports[`Renders Interactive story 1`] = `
<body>
  <div>
    <div
      class="passwordInput"
    >
      <div
        class="inputField full"
      >
        <div
          class="inputWrapper"
        >
          <input
            class="input"
            placeholder=""
            type="password"
            value=""
          />
        </div>
      </div>
      <div
        class="icon"
        role="button"
        tabindex="0"
      >
        <test-file-stub />
      </div>
    </div>
  </div>
</body>
`;
