// Jest Snapshot v1, https://goo.gl/fbAQLP

exports[`Renders Interactive story 1`] = `
<body>
  <div>
    <div
      class="rangeSlider"
    >
      <input
        max="100"
        min="0"
        step="0"
        type="range"
        value="0"
      />
    </div>
  </div>
</body>
`;
