// Jest Snapshot v1, https://goo.gl/fbAQLP

exports[`__interactive 1`] = `
<DocumentFragment>
  <div
    class="rangeSlider"
  >
    <input
      max="100"
      min="0"
      step="0"
      type="range"
      value="0"
    />
  </div>
</DocumentFragment>
`;
