// Jest Snapshot v1, https://goo.gl/fbAQLP

exports[`Renders Interactive story 1`] = `
<body>
  <div>
    <div
      class="inputField full"
    >
      <div
        class="inputWrapper"
      >
        <input
          class="input"
          placeholder=""
          type="text"
          value=""
        />
      </div>
    </div>
  </div>
</body>
`;
