// Jest Snapshot v1, https://goo.gl/fbAQLP

exports[`__interactive 1`] = `
<DocumentFragment>
  <div
    class="dropdownWrapper"
  >
    <div
      role="button"
      tabindex="0"
    />
  </div>
</DocumentFragment>
`;
